INFO:root:Ссылка ведет на страницу sbis
INFO:root:Успешный тест: кнопка Контакты найдена и кликнута
INFO:root:Успешный тест: Баннер Тензор найден и кликнут
INFO:root:Успешный тест: Блок "Сила в людях" найден
INFO:root:Успешный тест: кнопка "Подробнее" найдена и кликнута
INFO:root:Успешный тест: кнопка ведет к https://tensor.ru/about
INFO:root:получили картинки
INFO:root:получили атрибуты 1
INFO:root:Все изображения равны
